// Jest Snapshot v1, https://goo.gl/fbAQLP

exports[`matches snapshot 1`] = `
<DocumentFragment>
  <p
    class="sc-bdnxRM kQoGtj"
  >
    This is a paragraph
  </p>
</DocumentFragment>
`;
