// Jest Snapshot v1, https://goo.gl/fbAQLP

exports[`matches snapshot, variant add 1`] = `<DocumentFragment />`;

exports[`matches snapshot, variant edit 1`] = `<DocumentFragment />`;
