// Jest Snapshot v1, https://goo.gl/fbAQLP

exports[`matches snapshot 1`] = `
<DocumentFragment>
  .c1 {
  color: #207070;
  font-size: 5rem;
  margin-top: 2rem;
}

.c2 {
  font-size: 1.4rem;
  color: #207070;
  font-family: "News Cycle",sans-serif;
  font-weight: 700;
  -webkit-letter-spacing: 1px;
  -moz-letter-spacing: 1px;
  -ms-letter-spacing: 1px;
  letter-spacing: 1px;
  margin-top: 1rem;
}

.c0 {
  display: -webkit-box;
  display: -webkit-flex;
  display: -ms-flexbox;
  display: flex;
  -webkit-flex-direction: column;
  -ms-flex-direction: column;
  flex-direction: column;
  -webkit-align-items: center;
  -webkit-box-align: center;
  -ms-flex-align: center;
  align-items: center;
  min-height: 45vh;
}

@media screen and (min-width:414px) {
  .c0 {
    min-height: 49vh;
  }
}

@media screen and (min-width:768px) {
  .c0 {
    min-height: 52vh;
  }
}

<div
    class="c0"
  >
    <svg
      aria-hidden="true"
      class="svg-inline--fa fa-palette fa-w-16 fa-spin c1"
      data-icon="palette"
      data-prefix="fas"
      focusable="false"
      role="img"
      viewBox="0 0 512 512"
      xmlns="http://www.w3.org/2000/svg"
    >
      <path
        d="M204.3 5C104.9 24.4 24.8 104.3 5.2 203.4c-37 187 131.7 326.4 258.8 306.7 41.2-6.4 61.4-54.6 42.5-91.7-23.1-45.4 9.9-98.4 60.9-98.4h79.7c35.8 0 64.8-29.6 64.9-65.3C511.5 97.1 368.1-26.9 204.3 5zM96 320c-17.7 0-32-14.3-32-32s14.3-32 32-32 32 14.3 32 32-14.3 32-32 32zm32-128c-17.7 0-32-14.3-32-32s14.3-32 32-32 32 14.3 32 32-14.3 32-32 32zm128-64c-17.7 0-32-14.3-32-32s14.3-32 32-32 32 14.3 32 32-14.3 32-32 32zm128 64c-17.7 0-32-14.3-32-32s14.3-32 32-32 32 14.3 32 32-14.3 32-32 32z"
        fill="currentColor"
      />
    </svg>
    <p
      class="c2"
    >
      Loading...
    </p>
  </div>
</DocumentFragment>
`;
