// Jest Snapshot v1, https://goo.gl/fbAQLP

exports[`matches snapshot 1`] = `
<DocumentFragment>
  <button
    class="sc-bdnxRM czyvtI"
    open=""
  >
    <div
      data-testid="div1"
    />
    <div
      data-testid="div2"
    />
    <div
      data-testid="div3"
    />
  </button>
</DocumentFragment>
`;
