// Jest Snapshot v1, https://goo.gl/fbAQLP

exports[`matches snapshot 1`] = `
<DocumentFragment>
  .c4 {
  background-color: #207070;
  font-family: "News Cycle",sans-serif;
  font-weight: 700;
  font-size: 1rem;
  -webkit-letter-spacing: 1px;
  -moz-letter-spacing: 1px;
  -ms-letter-spacing: 1px;
  letter-spacing: 1px;
  padding: 5px 10px;
  border: none;
  border-radius: 4px;
  color: #ffffff;
}

.c4:hover:not(:disabled) {
  color: #207070;
  background-color: #ffffff;
  border: 2px solid #207070;
  padding: 3px 8px;
  cursor: pointer;
}

.c4:disabled {
  background-color: #dadada;
}

.c2 {
  border-radius: 4px;
  background-color: #ffffff;
  font-family: "News Cycle",sans-serif;
  font-weight: 700;
  font-size: 1.2rem;
  -webkit-letter-spacing: 1px;
  -moz-letter-spacing: 1px;
  -ms-letter-spacing: 1px;
  letter-spacing: 1px;
  padding: 2.5px 5px;
  border: 2px solid;
}

.c2:hover:not(:disabled) {
  color: #ffffff;
  cursor: pointer;
}

.c2:disabled {
  color: #dadada;
  border: 2px solid #dadada;
}

.c0 {
  display: -webkit-box;
  display: -webkit-flex;
  display: -ms-flexbox;
  display: flex;
  -webkit-flex-direction: column;
  -ms-flex-direction: column;
  flex-direction: column;
  border: 2px solid #207070;
  border-radius: 4px;
  background-color: #ffffff;
  padding: 1rem;
  width: 100%;
  margin-bottom: 1rem;
}

.c1 {
  font-family: "News Cycle",sans-serif;
  font-size: 1.2rem;
  -webkit-letter-spacing: 1px;
  -moz-letter-spacing: 1px;
  -ms-letter-spacing: 1px;
  letter-spacing: 1px;
  margin-bottom: 0.5rem;
}

.c3 {
  border-color: #207070;
  color: #207070;
  margin-bottom: 0.5rem;
}

.c5 {
  font-size: 1.2rem;
  border: 2px solid #207070;
}

<form
    class="c0"
  >
    <input
      class="c1"
      data-testid="upload"
      id="upload"
      name="upload"
      type="file"
    />
    <button
      class="c2 c3"
      name="homepage-submit-btn"
      type="submit"
    >
      Submit
    </button>
    <button
      class="c4 c5"
    >
      Keep Image
    </button>
  </form>
  .c0 {
  font-size: 1.2rem;
  font-family: "News Cycle",sans-serif;
  -webkit-letter-spacing: 1px;
  -moz-letter-spacing: 1px;
  -ms-letter-spacing: 1px;
  letter-spacing: 1px;
}

.c1 {
  font-weight: 700;
  margin-bottom: 1rem;
}

<p
    class="c0 c1"
  >
    Current Image:
  </p>
  .c0 {
  width: 100%;
}

<img
    alt="Homepage"
    class="c0"
  />
</DocumentFragment>
`;
