// Jest Snapshot v1, https://goo.gl/fbAQLP

exports[`matches snapshot 1`] = `
<DocumentFragment>
  .c0 {
  display: -webkit-box;
  display: -webkit-flex;
  display: -ms-flexbox;
  display: flex;
  -webkit-align-items: center;
  -webkit-box-align: center;
  -ms-flex-align: center;
  align-items: center;
  padding: 1rem 0;
}

.c1 {
  width: 40%;
  margin-right: 1rem;
}

.c2 {
  display: -webkit-box;
  display: -webkit-flex;
  display: -ms-flexbox;
  display: flex;
  -webkit-flex-direction: column;
  -ms-flex-direction: column;
  flex-direction: column;
  -webkit-align-items: flex-start;
  -webkit-box-align: flex-start;
  -ms-flex-align: flex-start;
  align-items: flex-start;
  position: relative;
}

.c3 {
  font-family: "Barlow Condensed",sans-serif;
  font-size: 1.2rem;
  font-weight: 700;
  -webkit-letter-spacing: 1px;
  -moz-letter-spacing: 1px;
  -ms-letter-spacing: 1px;
  letter-spacing: 1px;
  margin-bottom: 1rem;
}

.c4 {
  font-family: "News Cycle",sans-serif;
  font-size: 1rem;
  -webkit-letter-spacing: 1px;
  -moz-letter-spacing: 1px;
  -ms-letter-spacing: 1px;
  letter-spacing: 1px;
  margin-bottom: 0.5rem;
}

.c5 {
  font-family: "News Cycle",sans-serif;
  font-size: 1rem;
  font-weight: 700;
  -webkit-letter-spacing: 1px;
  -moz-letter-spacing: 1px;
  -ms-letter-spacing: 1px;
  letter-spacing: 1px;
  color: #207070;
  border: none;
  background-color: transparent;
  padding: 0;
}

@media screen and (min-width:414px) {
  .c3 {
    font-size: 1.4rem;
  }
}

@media screen and (min-width:768px) {
  .c3 {
    font-size: 2rem;
  }
}

@media screen and (min-width:1024px) {
  .c3 {
    font-size: 1.6rem;
  }
}

@media screen and (min-width:414px) {
  .c4 {
    font-size: 1.2rem;
  }
}

@media screen and (min-width:768px) {
  .c4 {
    font-size: 1.6rem;
  }
}

@media screen and (min-width:1024px) {
  .c4 {
    font-size: 1.4rem;
  }
}

@media screen and (min-width:414px) {
  .c5 {
    font-size: 1.2rem;
  }
}

@media screen and (min-width:768px) {
  .c5 {
    font-size: 1.6rem;
  }
}

@media screen and (min-width:1024px) {
  .c5 {
    font-size: 1.4rem;
  }
}

<div
    class="c0"
  >
    <img
      alt="Name"
      class="c1"
      src="http://localhost:5000/items/item/1/image"
    />
    <div
      class="c2"
    >
      <p
        class="c3"
      >
        Name
      </p>
      <p
        class="c4"
      >
        Price: $199.99
      </p>
      <p
        class="c4"
      >
        Shipping: $123.99
      </p>
      <button
        class="c5"
      >
        Remove
      </button>
    </div>
  </div>
</DocumentFragment>
`;
