// Jest Snapshot v1, https://goo.gl/fbAQLP

exports[`matches snapshot 1`] = `
<DocumentFragment>
  <form
    class="sc-bdnxRM lgoygW"
  >
    <div />
    <label
      class="sc-gtsrHT iZAmyw"
      for="fullName"
    >
      Name:
    </label>
    <input
      class="sc-dlnjwi cVNoyy"
      id="fullName"
      name="fullName"
      placeholder="Full Name"
      required=""
      type="text"
    />
    <label
      class="sc-gtsrHT iZAmyw"
      for="email"
    >
      Email Address:
    </label>
    <input
      class="sc-dlnjwi cVNoyy"
      id="email"
      name="email"
      placeholder="Email Address"
      required=""
      type="text"
    />
    <label
      class="sc-gtsrHT iZAmyw"
      for="street"
    >
      Street:
    </label>
    <input
      class="sc-dlnjwi cVNoyy"
      id="street"
      name="street"
      placeholder="Street"
      required=""
      type="text"
    />
    <label
      class="sc-gtsrHT iZAmyw"
      for="street"
    >
      Unit:
    </label>
    <input
      class="sc-dlnjwi cVNoyy"
      id="unit"
      name="unit"
      placeholder="Unit (Optional)"
      type="text"
    />
    <label
      class="sc-gtsrHT iZAmyw"
      for="city"
    >
      City:
    </label>
    <input
      class="sc-dlnjwi cVNoyy"
      id="city"
      name="city"
      placeholder="City"
      required=""
      type="text"
    />
    <label
      class="sc-gtsrHT iZAmyw"
      for="stateCode"
    >
      State:
    </label>
    <select
      class="sc-hKFxyN dDjeJq"
      id="stateCode"
      name="stateCode"
    >
      <option
        value="AL"
      >
        Alabama
      </option>
      <option
        value="AK"
      >
        Alaska
      </option>
      <option
        value="AZ"
      >
        Arizona
      </option>
      <option
        value="AR"
      >
        Arkansas
      </option>
      <option
        value="CA"
      >
        California
      </option>
      <option
        value="CO"
      >
        Colorado
      </option>
      <option
        value="CT"
      >
        Connecticut
      </option>
      <option
        value="DE"
      >
        Delaware
      </option>
      <option
        value="DC"
      >
        District of Columbia
      </option>
      <option
        value="FL"
      >
        Florida
      </option>
      <option
        value="GA"
      >
        Georgia
      </option>
      <option
        value="HI"
      >
        Hawaii
      </option>
      <option
        value="ID"
      >
        Idaho
      </option>
      <option
        value="IL"
      >
        Illinois
      </option>
      <option
        value="IN"
      >
        Indiana
      </option>
      <option
        value="IA"
      >
        Iowa
      </option>
      <option
        value="KS"
      >
        Kansas
      </option>
      <option
        value="KY"
      >
        Kentucky
      </option>
      <option
        value="LA"
      >
        Louisiana
      </option>
      <option
        value="ME"
      >
        Maine
      </option>
      <option
        value="MD"
      >
        Maryland
      </option>
      <option
        value="MA"
      >
        Massachusetts
      </option>
      <option
        value="MI"
      >
        Michigan
      </option>
      <option
        value="MN"
      >
        Minnesota
      </option>
      <option
        value="MS"
      >
        Mississippi
      </option>
      <option
        value="MO"
      >
        Missouri
      </option>
      <option
        value="MT"
      >
        Montana
      </option>
      <option
        value="NE"
      >
        Nebraska
      </option>
      <option
        value="NV"
      >
        Nevada
      </option>
      <option
        value="NH"
      >
        New Hampshire
      </option>
      <option
        value="NJ"
      >
        New Jersey
      </option>
      <option
        value="NM"
      >
        New Mexico
      </option>
      <option
        value="NY"
      >
        New York
      </option>
      <option
        value="NC"
      >
        North Carolina
      </option>
      <option
        value="ND"
      >
        North Dakota
      </option>
      <option
        value="OH"
      >
        Ohio
      </option>
      <option
        value="OK"
      >
        Oklahoma
      </option>
      <option
        value="OR"
      >
        Oregon
      </option>
      <option
        value="PA"
      >
        Pennsylvania
      </option>
      <option
        value="RI"
      >
        Rhode Island
      </option>
      <option
        value="SC"
      >
        South Carolina
      </option>
      <option
        value="SD"
      >
        South Dakota
      </option>
      <option
        value="TN"
      >
        Tennessee
      </option>
      <option
        value="TX"
      >
        Texas
      </option>
      <option
        value="UT"
      >
        Utah
      </option>
      <option
        value="VT"
      >
        Vermont
      </option>
      <option
        value="VA"
      >
        Virginia
      </option>
      <option
        value="WA"
      >
        Washington
      </option>
      <option
        value="WV"
      >
        West Virginia
      </option>
      <option
        value="WI"
      >
        Wisconsin
      </option>
      <option
        value="WY"
      >
        Wyoming
      </option>
    </select>
    <label
      class="sc-gtsrHT iZAmyw"
      for="zipcode"
    >
      Zipcode: (ex: 98101)
    </label>
    <input
      class="sc-dlnjwi cVNoyy"
      id="zipcode"
      max="99999"
      min="10000"
      name="zipcode"
      pattern="/ \\\\d{5} /"
      placeholder="Zipcode"
      required=""
      type="number"
    />
    <label
      class="sc-gtsrHT iZAmyw"
      for="phone"
    >
      Phone Number: (ex: 5555555555)
    </label>
    <input
      class="sc-dlnjwi cVNoyy"
      id="phone"
      max="9999999999"
      min="1000000000"
      name="phone"
      pattern="/ \\\\d{10} /"
      placeholder="Phone Number"
      required=""
      type="number"
    />
    <div
      class="sc-eCApnc cOzwgC"
    >
      <button
        class="sc-gKAaRy ikZoHU"
      >
        Cancel
      </button>
      <button
        class="sc-jSFjdj iAbnik"
        type="submit"
      >
        Continue
      </button>
    </div>
  </form>
</DocumentFragment>
`;
