// Jest Snapshot v1, https://goo.gl/fbAQLP

exports[`matches snapshot 1`] = `
<DocumentFragment>
  .c0 {
  outline: none;
  background: transparent;
  color: #207070;
  font-family: "News Cycle",sans-serif;
  font-size: 1.4rem;
  font-weight: 700;
  cursor: pointer;
  border: none;
  -webkit-align-self: flex-start;
  -ms-flex-item-align: start;
  align-self: flex-start;
  margin: 0.5rem 0 0.5rem 7.5%;
}

.c0 i {
  margin-right: 0.5rem;
}

<button
    class="c0"
  >
    <i
      class="fas fa-long-arrow-alt-left"
    />
    Back
  </button>
</DocumentFragment>
`;
