// Jest Snapshot v1, https://goo.gl/fbAQLP

exports[`matches snapshot 1`] = `
<DocumentFragment>
  <a
    class="sc-bdnxRM jTcfkt"
    href="/testlink"
  >
    Test Link
  </a>
</DocumentFragment>
`;
