// Jest Snapshot v1, https://goo.gl/fbAQLP

exports[`matches snapshot 1`] = `
<DocumentFragment>
  <h1
    class="sc-bdnxRM hbRqTx"
  />
  <h1>
    Test!
  </h1>
</DocumentFragment>
`;
